exports[`test Server should render 1`] = `
<div
  className="server-page">
  <div
    className="server-panel">
    <header
      className="server-panel__header mdl-layout__header">
      <div
        className="mdl-layout__header-row">
        <span
          className="mdl-layout-title">
          <Connect(Component) />
           
          some id
        </span>
      </div>
    </header>
    <main
      className="server-panel-main server-panel__main">
      <div
        className="server-panel__tab">
        <div
          className="server-config-tab">
          <div
            className="server-config-tab-details">
            <div
              className="server-config-tab-details__row">
              <div
                className="server-config-tab-details__cell">
                <Chip>
                  Port: 
                  3000
                </Chip>
              </div>
              <div
                className="server-config-tab-details__cell">
                <Chip>
                  Type: 
                  some type
                </Chip>
              </div>
            </div>
            <div
              className="server-config-tab-details__row">
              <div
                className="server-config-tab-details__cell">
                <Link
                  onlyActiveOnIndex={false}
                  style={Object {}}
                  to="/add-task">
                  Add task
                </Link>
              </div>
            </div>
            <div
              className="server-config-tab-details__row">
              <div
                className="server-config-tab-details__cell">
                Add from file: 
                <Connect(FilePicker) />
              </div>
            </div>
          </div>
          <div
            className="server-config-tab__tasks server-config-tab-queues">
            <Component
              id="some queue id"
              serverId="some id" />
          </div>
        </div>
      </div>
    </main>
  </div>
</div>
`;
