// Jest Snapshot v1, https://goo.gl/fbAQLP

exports[`AddScene default snapshot 1`] = `
<div
  className="add-scene"
>
  <Link
    className="add-scene__back-button"
    onlyActiveOnIndex={false}
    style={Object {}}
    to="/server/AVoOVEFMUlrzP+XqRbO2VYXFeAw78w=="
  >
    <i
      className="fa fa-arrow-left"
    />
     Server details
  </Link>
  <Connect(WsForm) />
</div>
`;
