// Jest Snapshot v1, https://goo.gl/fbAQLP

exports[`addDescriptionEpic success flow snapshot 1`] = `
Array [
  Object {
    "descriptions": Array [
      Object {
        "descriptionPayload": "descriptionPayload",
        "requirements": Object {
          "url": "/some-path",
        },
        "title": "description title",
      },
    ],
    "serverId": "serverId",
    "type": "addDescription/INIT",
  },
  Object {
    "blocking": undefined,
    "delay": undefined,
    "descriptionPayload": "descriptionPayload",
    "id": "description id",
    "interval": undefined,
    "quantity": undefined,
    "requirements": Object {
      "url": "/some-path",
    },
    "reuse": undefined,
    "serverId": "serverId",
    "title": "description title",
    "type": "descriptions/ADD",
  },
]
`;
