exports[`removeTask epic de 1`] = `
Array [
  Object {
    "serverId": "server id",
    "taskId": "task id",
    "type": "remove/init",
  },
  Object {
    "serverId": "server id",
    "taskId": "task id",
    "type": "tasks/REMOVE",
  },
]
`;

exports[`removeTask epic defau 1`] = `
Array [
  Object {
    "serverId": "server id",
    "taskId": "task id",
    "type": "remove/init",
  },
  Object {
    "serverId": "server id",
    "taskId": "task id",
    "type": "tasks/REMOVE",
  },
]
`;

exports[`removeTask epic default  1`] = `
Array [
  Object {
    "serverId": "server id",
    "taskId": "task id",
    "type": "remove/init",
  },
  Object {
    "serverId": "server id",
    "taskId": "task id",
    "type": "tasks/REMOVE",
  },
]
`;

exports[`removeTask epic default s 1`] = `
Array [
  Object {
    "serverId": "server id",
    "taskId": "task id",
    "type": "remove/init",
  },
  Object {
    "serverId": "server id",
    "taskId": "task id",
    "type": "tasks/REMOVE",
  },
]
`;

exports[`removeTask epic default sja 1`] = `
Array [
  Object {
    "serverId": "server id",
    "taskId": "task id",
    "type": "remove/init",
  },
  Object {
    "serverId": "server id",
    "taskId": "task id",
    "type": "tasks/REMOVE",
  },
]
`;

exports[`removeTask epic default snapshot 1`] = `
Array [
  Object {
    "serverId": "server id",
    "taskId": "task id",
    "type": "remove/init",
  },
  Object {
    "serverId": "server id",
    "taskId": "task id",
    "type": "tasks/REMOVE",
  },
]
`;

exports[`removeTask epic removeTaskEpic 1`] = `
Array [
  Object {
    "serverId": "server id",
    "taskId": "task id",
    "type": "remove/init",
  },
  Object {
    "serverId": "server id",
    "taskId": "task id",
    "type": "tasks/REMOVE",
  },
]
`;

exports[`test removeTaskEpic 1`] = `
Array [
  Object {
    "serverId": "server id",
    "taskId": "task id",
    "type": "remove/init",
  },
  Object {
    "serverId": "server id",
    "taskId": "task id",
    "type": "tasks/REMOVE",
  },
]
`;
