exports[`test SideBarServers should render 1`] = `
<div
  className="sidebar-servers">
  <div
    className="sidebar-servers__header">
    <i
      className="fa fa-server sidebar-servers-header__icon" />
     Servers
    <Link
      className="sidebar-servers__add-server-button"
      onlyActiveOnIndex={false}
      style={Object {}}
      to="/add-server">
      <i
        className="fa fa-plus" />
    </Link>
  </div>
  <ul
    className="sidebar-servers-list" />
</div>
`;
