// Jest Snapshot v1, https://goo.gl/fbAQLP

exports[`SideBarServers should render 1`] = `
<div
  className="sidebar-servers"
>
  <div
    className="sidebar-servers__header"
  >
    <div>
      <div>
        Servers
      </div>
      <button
        className="sidebar-servers__header-export-button"
      >
        Export
      </button>
    </div>
    <Link
      className="sidebar-servers__add-server-button"
      onlyActiveOnIndex={false}
      style={Object {}}
      to="/add-server"
    >
      <img
        role="presentation"
        src=""
      />
    </Link>
  </div>
  <ul
    className="sidebar-servers-list"
  />
</div>
`;
