// Jest Snapshot v1, https://goo.gl/fbAQLP

exports[`AddServerForm default snapshot 1`] = `
<div
  className="add-server-form"
>
  <form
    action="#"
  >
    <div
      className="add-server-form__field"
    >
      <label
        className="add-server-form__label"
        htmlFor="server-name"
      >
        Name:
      </label>
      <input
        className="input input--text"
        name="server-name"
        onChange={[Function]}
        type="text"
        value="Server name"
      />
    </div>
    <div
      className="add-server-form__field"
    >
      <label
        className="add-server-form__label"
        htmlFor="server-port"
      >
        Port:
      </label>
      <input
        className="input input--text"
        name="server-port"
        onChange={[Function]}
        type="text"
        value={3000}
      />
    </div>
    <div
      className="add-server-form__field"
    >
      <label
        className="add-server-form__label"
        htmlFor="server-type"
      >
        Type:
      </label>
      <select
        name="server-type"
        onChange={[Function]}
        value="http"
      >
        <option
          value="http"
        >
          http
        </option>
        <option
          value="ws"
        >
          ws
        </option>
      </select>
    </div>
    <div
      className="add-server-form__field"
    >
      <label
        className="add-server-form__label"
        htmlFor="server-secure"
      >
        Secure:
      </label>
      <select
        name="server-secure"
        onChange={[Function]}
        value="no"
      >
        <option
          value="yes"
        >
          yes
        </option>
        <option
          value="no"
        >
          no
        </option>
      </select>
    </div>
    <button
      className="button add-server-form__submit-button"
      onClick={[Function]}
    >
      <i
        className="fa fa-plus"
      />
       Create
    </button>
  </form>
</div>
`;
