// Jest Snapshot v1, https://goo.gl/fbAQLP

exports[`AddServerModal snapshots default 1`] = `
<div>
  <div
    className="modal-header"
  >
    <img
      alt=""
      className="modal-header__icon"
      src=""
    />
    <div
      className="modal-header__label"
    >
      Add server
    </div>
  </div>
  <div
    className="modal-content"
  >
    <Connect(ReduxForm) />
  </div>
</div>
`;
