exports[`test App component 1`] = `
<ul
  className="nav-bar">
  <li
    className="nav-bar__item">
    <Link
      onlyActiveOnIndex={false}
      style={Object {}}
      to="/">
      <Button
        raised={true}
        ripple={true}>
        Servers
      </Button>
    </Link>
  </li>
  <li
    className="nav-bar__item">
    <Link
      onlyActiveOnIndex={false}
      style={Object {}}
      to="/add-server">
      <Button
        colored={true}
        raised={true}
        ripple={true}>
        Add server
      </Button>
    </Link>
  </li>
</ul>
`;
