exports[`StartButton StartButton should render 1`] = `
<button
  className="server-start-button button"
  onClick={[Function]}>
  Start
</button>
`;

exports[`StartButton de 1`] = `
<button
  className="server-start-button button"
  onClick={[Function]}>
  Start
</button>
`;

exports[`StartButton defau 1`] = `
<button
  className="server-start-button button"
  onClick={[Function]}>
  Start
</button>
`;

exports[`StartButton default  1`] = `
<button
  className="server-start-button button"
  onClick={[Function]}>
  Start
</button>
`;

exports[`StartButton default s 1`] = `
<button
  className="server-start-button button"
  onClick={[Function]}>
  Start
</button>
`;

exports[`StartButton default sna 1`] = `
<button
  className="server-start-button button"
  onClick={[Function]}>
  Start
</button>
`;

exports[`StartButton default snap 1`] = `
<button
  className="server-start-button button"
  onClick={[Function]}>
  Start
</button>
`;

exports[`StartButton default snaps 1`] = `
<button
  className="server-start-button button"
  onClick={[Function]}>
  Start
</button>
`;

exports[`StartButton default snapshot 1`] = `
<button
  className="server-start-button button"
  onClick={[Function]}>
  Start
</button>
`;

exports[`test StartButton should render 1`] = `
<button
  className="server-start-button button"
  onClick={[Function]}>
  Start
</button>
`;
