// Jest Snapshot v1, https://goo.gl/fbAQLP

exports[`AddScene default snapshot 1`] = `
<div
  className="add-scene"
>
  <div
    className="view-header"
  >
    Add scene
  </div>
  <div
    className="add-scene__main"
  >
    <Link
      className="add-scene__back-button"
      onlyActiveOnIndex={false}
      style={Object {}}
      to="/"
    >
      <i
        className="fa fa-arrow-left"
      />
       Server details
    </Link>
    <Connect(WsForm) />
  </div>
</div>
`;
