exports[`Queue Queue should render 1`] = `
<div
  className="queue">
  <div
    className="queue__tasks">
    <Connect(Component)
      serverId="some-id" />
  </div>
</div>
`;

exports[`Queue de 1`] = `
<div
  className="queue">
  <div
    className="queue__tasks">
    <Connect(Component)
      serverId="some-id" />
  </div>
</div>
`;

exports[`Queue defau 1`] = `
<div
  className="queue">
  <div
    className="queue__tasks">
    <Connect(Component)
      serverId="some-id" />
  </div>
</div>
`;

exports[`Queue default  1`] = `
<div
  className="queue">
  <div
    className="queue__tasks">
    <Connect(Component)
      serverId="some-id" />
  </div>
</div>
`;

exports[`Queue default s 1`] = `
<div
  className="queue">
  <div
    className="queue__tasks">
    <Connect(Component)
      serverId="some-id" />
  </div>
</div>
`;

exports[`Queue default sh 1`] = `
<div
  className="queue">
  <div
    className="queue__tasks">
    <Connect(Component)
      serverId="some-id" />
  </div>
</div>
`;

exports[`Queue default sna 1`] = `
<div
  className="queue">
  <div
    className="queue__tasks">
    <Connect(Component)
      serverId="some-id" />
  </div>
</div>
`;

exports[`Queue default snaps 1`] = `
<div
  className="queue">
  <div
    className="queue__tasks">
    <Connect(Component)
      serverId="some-id" />
  </div>
</div>
`;

exports[`Queue default snapshot 1`] = `
<div
  className="queue">
  <div
    className="queue__tasks">
    <Connect(Component)
      serverId="some-id" />
  </div>
</div>
`;

exports[`test Queue should render 1`] = `
<div
  className="queue">
  <div
    className="queue__tasks">
    <Connect(Component)
      serverId="some-id" />
  </div>
</div>
`;
