// Jest Snapshot v1, https://goo.gl/fbAQLP

exports[`FilePicker default snapshot 1`] = `
<div
  className="file-picker"
>
  <label
    className="file-picker__button inspect-server-scenes-header__button"
    htmlFor="file-picker__input"
  >
    <img
      role="presentation"
      src=""
      style={
        Object {
          "marginRight": "11px",
        }
      }
    />
    Import from file
  </label>
  <input
    className="file-picker__input"
    id="file-picker__input"
    onChange={[Function]}
    type="file"
    value=""
  />
</div>
`;
