// Jest Snapshot v1, https://goo.gl/fbAQLP

exports[`importMockEpic snapshot of success flow 1`] = `
Array [
  Object {
    "files": Array [
      Blob {
        Symbol(impl): BlobImpl {
          "_buffer": Object {
            "data": Array [
              91,
              123,
              34,
              116,
              97,
              115,
              107,
              115,
              34,
              58,
              91,
              93,
              125,
              93,
            ],
            "type": "Buffer",
          },
          "isClosed": false,
          "type": "",
          Symbol(wrapper): [Circular],
        },
      },
    ],
    "scenario": "scenario-id",
    "server": "server-id",
    "type": "component/FilePicker/FILE_PICKED",
  },
  Object {
    "mocks": Array [
      undefined,
    ],
    "scenario": undefined,
    "type": "importMock/SUCCEEDED",
  },
]
`;
