exports[`test addTaskEpic 1`] = `
Array [
  Object {
    "queueId": "queueId",
    "tasks": Array [
      Object {
        "taskPayload": "taskPayload",
      },
    ],
    "type": "addTask/INIT",
  },
  Object {
    "queueId": "queue",
    "taskId": "task id",
    "taskPayload": "taskPayload",
    "type": "tasks/ADD",
  },
]
`;
