exports[`addTaskEpic success flow snapshot 1`] = `
Array [
  Object {
    "serverId": "serverId",
    "tasks": Array [
      Object {
        "requirements": Object {
          "url": "/some-path",
        },
        "taskPayload": "taskPayload",
        "title": "task title",
      },
    ],
    "type": "addTask/INIT",
  },
  Object {
    "delay": undefined,
    "id": "task id",
    "instant": undefined,
    "interval": undefined,
    "quantity": undefined,
    "reuse": undefined,
    "serverId": "serverId",
    "taskPayload": "taskPayload",
    "title": "task title",
    "type": "tasks/ADD",
  },
]
`;
