exports[`HttpForm HttpForm should render 1`] = `
<form
  onSubmit={[Function]}>
  <div>
    <label
      htmlFor="blocking">
      Blocking:
    </label>
    <input
      name="blocking"
      onChange={[Function]}
      type="checkbox" />
  </div>
  <div>
    <label
      htmlFor="delay">
      Delay:
    </label>
    <input
      name="delay"
      onChange={[Function]}
      type="number" />
  </div>
  <div>
    <label
      htmlFor="requirements">
      Requirements:
    </label>
    <div>
      <textarea
        cols="30"
        name="requirements"
        onChange={[Function]}
        rows="10" />
    </div>
  </div>
  <div>
    <label
      htmlFor="payload">
      Payload:
    </label>
    <div>
      <textarea
        cols="30"
        name="payload"
        onChange={[Function]}
        rows="10" />
    </div>
  </div>
  <div>
    <button
      type="submit">
      Submit
    </button>
  </div>
</form>
`;

exports[`HttpForm de 1`] = `
<form
  onSubmit={[Function]}>
  <div>
    <label
      htmlFor="blocking">
      Blocking:
    </label>
    <input
      name="blocking"
      onChange={[Function]}
      type="checkbox" />
  </div>
  <div>
    <label
      htmlFor="delay">
      Delay:
    </label>
    <input
      name="delay"
      onChange={[Function]}
      type="number" />
  </div>
  <div>
    <label
      htmlFor="requirements">
      Requirements:
    </label>
    <div>
      <textarea
        cols="30"
        name="requirements"
        onChange={[Function]}
        rows="10" />
    </div>
  </div>
  <div>
    <label
      htmlFor="payload">
      Payload:
    </label>
    <div>
      <textarea
        cols="30"
        name="payload"
        onChange={[Function]}
        rows="10" />
    </div>
  </div>
  <div>
    <button
      type="submit">
      Submit
    </button>
  </div>
</form>
`;

exports[`HttpForm defau 1`] = `
<form
  onSubmit={[Function]}>
  <div>
    <label
      htmlFor="blocking">
      Blocking:
    </label>
    <input
      name="blocking"
      onChange={[Function]}
      type="checkbox" />
  </div>
  <div>
    <label
      htmlFor="delay">
      Delay:
    </label>
    <input
      name="delay"
      onChange={[Function]}
      type="number" />
  </div>
  <div>
    <label
      htmlFor="requirements">
      Requirements:
    </label>
    <div>
      <textarea
        cols="30"
        name="requirements"
        onChange={[Function]}
        rows="10" />
    </div>
  </div>
  <div>
    <label
      htmlFor="payload">
      Payload:
    </label>
    <div>
      <textarea
        cols="30"
        name="payload"
        onChange={[Function]}
        rows="10" />
    </div>
  </div>
  <div>
    <button
      type="submit">
      Submit
    </button>
  </div>
</form>
`;

exports[`HttpForm default  1`] = `
<form
  onSubmit={[Function]}>
  <div>
    <label
      htmlFor="blocking">
      Blocking:
    </label>
    <input
      name="blocking"
      onChange={[Function]}
      type="checkbox" />
  </div>
  <div>
    <label
      htmlFor="delay">
      Delay:
    </label>
    <input
      name="delay"
      onChange={[Function]}
      type="number" />
  </div>
  <div>
    <label
      htmlFor="requirements">
      Requirements:
    </label>
    <div>
      <textarea
        cols="30"
        name="requirements"
        onChange={[Function]}
        rows="10" />
    </div>
  </div>
  <div>
    <label
      htmlFor="payload">
      Payload:
    </label>
    <div>
      <textarea
        cols="30"
        name="payload"
        onChange={[Function]}
        rows="10" />
    </div>
  </div>
  <div>
    <button
      type="submit">
      Submit
    </button>
  </div>
</form>
`;

exports[`HttpForm default s 1`] = `
<form
  onSubmit={[Function]}>
  <div>
    <label
      htmlFor="blocking">
      Blocking:
    </label>
    <input
      name="blocking"
      onChange={[Function]}
      type="checkbox" />
  </div>
  <div>
    <label
      htmlFor="delay">
      Delay:
    </label>
    <input
      name="delay"
      onChange={[Function]}
      type="number" />
  </div>
  <div>
    <label
      htmlFor="requirements">
      Requirements:
    </label>
    <div>
      <textarea
        cols="30"
        name="requirements"
        onChange={[Function]}
        rows="10" />
    </div>
  </div>
  <div>
    <label
      htmlFor="payload">
      Payload:
    </label>
    <div>
      <textarea
        cols="30"
        name="payload"
        onChange={[Function]}
        rows="10" />
    </div>
  </div>
  <div>
    <button
      type="submit">
      Submit
    </button>
  </div>
</form>
`;

exports[`HttpForm default sh 1`] = `
<form
  onSubmit={[Function]}>
  <div>
    <label
      htmlFor="blocking">
      Blocking:
    </label>
    <input
      name="blocking"
      onChange={[Function]}
      type="checkbox" />
  </div>
  <div>
    <label
      htmlFor="delay">
      Delay:
    </label>
    <input
      name="delay"
      onChange={[Function]}
      type="number" />
  </div>
  <div>
    <label
      htmlFor="requirements">
      Requirements:
    </label>
    <div>
      <textarea
        cols="30"
        name="requirements"
        onChange={[Function]}
        rows="10" />
    </div>
  </div>
  <div>
    <label
      htmlFor="payload">
      Payload:
    </label>
    <div>
      <textarea
        cols="30"
        name="payload"
        onChange={[Function]}
        rows="10" />
    </div>
  </div>
  <div>
    <button
      type="submit">
      Submit
    </button>
  </div>
</form>
`;

exports[`HttpForm default sha 1`] = `
<form
  onSubmit={[Function]}>
  <div>
    <label
      htmlFor="blocking">
      Blocking:
    </label>
    <input
      name="blocking"
      onChange={[Function]}
      type="checkbox" />
  </div>
  <div>
    <label
      htmlFor="delay">
      Delay:
    </label>
    <input
      name="delay"
      onChange={[Function]}
      type="number" />
  </div>
  <div>
    <label
      htmlFor="requirements">
      Requirements:
    </label>
    <div>
      <textarea
        cols="30"
        name="requirements"
        onChange={[Function]}
        rows="10" />
    </div>
  </div>
  <div>
    <label
      htmlFor="payload">
      Payload:
    </label>
    <div>
      <textarea
        cols="30"
        name="payload"
        onChange={[Function]}
        rows="10" />
    </div>
  </div>
  <div>
    <button
      type="submit">
      Submit
    </button>
  </div>
</form>
`;

exports[`HttpForm default sna 1`] = `
<form
  onSubmit={[Function]}>
  <div>
    <label
      htmlFor="blocking">
      Blocking:
    </label>
    <input
      name="blocking"
      onChange={[Function]}
      type="checkbox" />
  </div>
  <div>
    <label
      htmlFor="delay">
      Delay:
    </label>
    <input
      name="delay"
      onChange={[Function]}
      type="number" />
  </div>
  <div>
    <label
      htmlFor="requirements">
      Requirements:
    </label>
    <div>
      <textarea
        cols="30"
        name="requirements"
        onChange={[Function]}
        rows="10" />
    </div>
  </div>
  <div>
    <label
      htmlFor="payload">
      Payload:
    </label>
    <div>
      <textarea
        cols="30"
        name="payload"
        onChange={[Function]}
        rows="10" />
    </div>
  </div>
  <div>
    <button
      type="submit">
      Submit
    </button>
  </div>
</form>
`;

exports[`HttpForm default snap 1`] = `
<form
  onSubmit={[Function]}>
  <div>
    <label
      htmlFor="blocking">
      Blocking:
    </label>
    <input
      name="blocking"
      onChange={[Function]}
      type="checkbox" />
  </div>
  <div>
    <label
      htmlFor="delay">
      Delay:
    </label>
    <input
      name="delay"
      onChange={[Function]}
      type="number" />
  </div>
  <div>
    <label
      htmlFor="requirements">
      Requirements:
    </label>
    <div>
      <textarea
        cols="30"
        name="requirements"
        onChange={[Function]}
        rows="10" />
    </div>
  </div>
  <div>
    <label
      htmlFor="payload">
      Payload:
    </label>
    <div>
      <textarea
        cols="30"
        name="payload"
        onChange={[Function]}
        rows="10" />
    </div>
  </div>
  <div>
    <button
      type="submit">
      Submit
    </button>
  </div>
</form>
`;

exports[`HttpForm default snapshot 1`] = `
<form
  onSubmit={[Function]}>
  <div>
    <label
      htmlFor="blocking">
      Blocking:
    </label>
    <input
      name="blocking"
      onChange={[Function]}
      type="checkbox" />
  </div>
  <div>
    <label
      htmlFor="delay">
      Delay:
    </label>
    <input
      name="delay"
      onChange={[Function]}
      type="number" />
  </div>
  <div>
    <label
      htmlFor="requirements">
      Requirements:
    </label>
    <div>
      <textarea
        cols="30"
        name="requirements"
        onChange={[Function]}
        rows="10" />
    </div>
  </div>
  <div>
    <label
      htmlFor="payload">
      Payload:
    </label>
    <div>
      <textarea
        cols="30"
        name="payload"
        onChange={[Function]}
        rows="10" />
    </div>
  </div>
  <div>
    <button
      type="submit">
      Submit
    </button>
  </div>
</form>
`;

exports[`test HttpForm should render 1`] = `
<form
  onSubmit={[Function]}>
  <div>
    <label
      htmlFor="blocking">
      Blocking:
    </label>
    <input
      name="blocking"
      onChange={[Function]}
      type="checkbox" />
  </div>
  <div>
    <label
      htmlFor="delay">
      Delay:
    </label>
    <input
      name="delay"
      onChange={[Function]}
      type="number" />
  </div>
  <div>
    <label
      htmlFor="requirements">
      Requirements:
    </label>
    <div>
      <textarea
        cols="30"
        name="requirements"
        onChange={[Function]}
        rows="10" />
    </div>
  </div>
  <div>
    <label
      htmlFor="payload">
      Payload:
    </label>
    <div>
      <textarea
        cols="30"
        name="payload"
        onChange={[Function]}
        rows="10" />
    </div>
  </div>
  <div>
    <button
      type="submit">
      Submit
    </button>
  </div>
</form>
`;
