// Jest Snapshot v1, https://goo.gl/fbAQLP

exports[`HttpForm default snapshot 1`] = `
<form
  className="form"
>
  <div
    className="form__header"
  >
    Add scene
  </div>
  <div
    className="form-row"
  >
    <div
      className="form__field"
    >
      <label
        className="form-field__label"
        htmlFor="title"
      >
        Title:
      </label>
      <Field
        className="form-field__input"
        component="input"
        name="title"
        placeholder="Scene title"
        type="text"
      />
    </div>
  </div>
  <div
    className="form-row"
  >
    <Field
      cols="30"
      component="textarea"
      name="requirements"
      rows="10"
    />
  </div>
  <div>
    Send:
  </div>
  <div
    className="form-row"
  >
    <FormSection
      component="div"
      name="scenePart"
    >
      <ScenePartFormSection />
    </FormSection>
  </div>
  <div
    className="form-row"
  >
    <button
      className="button form__button"
      type="submit"
    >
      Submit
    </button>
  </div>
</form>
`;
