exports[`servers reducer servers/ADD action 1`] = `
Object {
  "entities": Object {
    "AVoOVEFMUlrzP+XqRbO2VYXFeAw78w==": Object {
      "id": "AVoOVEFMUlrzP+XqRbO2VYXFeAw78w==",
      "name": "Server name",
      "port": 3000,
      "secure": false,
      "type": "http",
    },
  },
  "ids": Array [
    "AVoOVEFMUlrzP+XqRbO2VYXFeAw78w==",
  ],
}
`;
