// Jest Snapshot v1, https://goo.gl/fbAQLP

exports[`EditServerPage default snapshot 1`] = `
<div
  className="edit-server-page"
>
  <Scrollbars
    autoHeight={false}
    autoHeightMax={200}
    autoHeightMin={0}
    autoHide={false}
    autoHideDuration={200}
    autoHideTimeout={1000}
    hideTracksWhenNotNeeded={false}
    renderThumbHorizontal={[Function]}
    renderThumbVertical={[Function]}
    renderTrackHorizontal={[Function]}
    renderTrackVertical={[Function]}
    renderView={[Function]}
    tagName="div"
    thumbMinSize={30}
    universal={false}
  >
    <div
      className="edit-server-page__form"
    >
      <Connect(ReduxForm)
        serverId="id"
      />
    </div>
  </Scrollbars>
</div>
`;
