// Jest Snapshot v1, https://goo.gl/fbAQLP

exports[`NotificationsList snapshots with notification 1`] = `
<ul
  className="notifications-list"
>
  <li
    className="notification-list__item"
  >
    <NotificationListItem
      id="cj77cllps0000rjvehhwuhwyc"
      onNotificationClick={[Function]}
      text="message"
      type="info"
    />
  </li>
</ul>
`;

exports[`NotificationsList snapshots without notifications 1`] = `
<ul
  className="notifications-list"
/>
`;
